06-24 20:43:33.329: D/dalvikvm(2515): GC_EXTERNAL_ALLOC freed 48K, 53% free 2555K/5379K, external 1626K/2137K, paused 71ms
06-24 20:43:43.350: D/dalvikvm(2515): GC_CONCURRENT freed 1018K, 55% free 3052K/6727K, external 2667K/2763K, paused 4ms+5ms
06-24 20:43:45.889: D/dalvikvm(2515): GC_CONCURRENT freed 907K, 53% free 3203K/6727K, external 2667K/2763K, paused 10ms+13ms
06-24 20:43:47.179: D/dalvikvm(2515): GC_CONCURRENT freed 489K, 45% free 3841K/6983K, external 2667K/2763K, paused 26ms+7ms
06-24 20:43:49.719: D/dalvikvm(2515): GC_CONCURRENT freed 1090K, 49% free 4036K/7815K, external 2667K/2763K, paused 10ms+4ms
06-24 20:43:57.962: D/dalvikvm(2515): GC_CONCURRENT freed 1374K, 50% free 4036K/8071K, external 2667K/2763K, paused 4ms+4ms
06-24 20:43:59.779: D/dalvikvm(2515): GC_CONCURRENT freed 1248K, 50% free 4074K/8071K, external 2667K/2763K, paused 12ms+4ms
06-24 20:44:01.049: D/dalvikvm(2515): GC_CONCURRENT freed 1426K, 51% free 4028K/8071K, external 2667K/2763K, paused 10ms+4ms
06-24 20:44:02.399: D/dalvikvm(2515): GC_CONCURRENT freed 1212K, 49% free 4177K/8071K, external 2667K/2763K, paused 10ms+8ms
06-24 20:44:04.712: D/dalvikvm(2515): GC_CONCURRENT freed 1352K, 49% free 4200K/8199K, external 2667K/2763K, paused 14ms+12ms
06-24 20:44:05.830: D/dalvikvm(2515): GC_CONCURRENT freed 1419K, 50% free 4193K/8263K, external 2667K/2763K, paused 10ms+17ms
06-24 20:44:07.266: D/dalvikvm(2515): GC_CONCURRENT freed 1392K, 50% free 4193K/8263K, external 2667K/2763K, paused 4ms+11ms
06-24 20:44:09.280: D/dalvikvm(2515): GC_CONCURRENT freed 1367K, 50% free 4200K/8263K, external 2667K/2763K, paused 11ms+13ms
06-24 20:44:10.370: D/dalvikvm(2515): GC_CONCURRENT freed 1356K, 50% free 4169K/8263K, external 2667K/2763K, paused 13ms+4ms
06-24 20:44:12.509: D/dalvikvm(2515): GC_CONCURRENT freed 1386K, 50% free 4202K/8263K, external 2667K/2763K, paused 12ms+6ms
06-24 20:44:13.419: D/dalvikvm(2515): GC_CONCURRENT freed 1384K, 50% free 4193K/8263K, external 2667K/2763K, paused 11ms+4ms
06-24 20:44:14.429: D/dalvikvm(2515): GC_CONCURRENT freed 1373K, 50% free 4202K/8263K, external 2667K/2763K, paused 14ms+6ms
06-24 20:44:15.391: D/dalvikvm(2515): GC_CONCURRENT freed 1280K, 49% free 4286K/8263K, external 2667K/2763K, paused 13ms+12ms
06-24 20:44:17.679: D/dalvikvm(2515): GC_CONCURRENT freed 1349K, 49% free 4316K/8327K, external 2667K/2763K, paused 11ms+11ms
06-24 20:44:19.159: D/dalvikvm(2515): GC_FOR_MALLOC freed 1501K, 50% free 4200K/8391K, external 2667K/2763K, paused 59ms
06-24 20:44:21.029: D/dalvikvm(2515): GC_CONCURRENT freed 1263K, 49% free 4319K/8391K, external 2667K/2763K, paused 8ms+11ms
06-24 20:44:22.029: D/dalvikvm(2515): GC_FOR_MALLOC freed 1503K, 50% free 4200K/8391K, external 2667K/2763K, paused 62ms
06-24 20:44:23.379: D/dalvikvm(2515): GC_CONCURRENT freed 1239K, 49% free 4324K/8391K, external 2667K/2763K, paused 14ms+14ms
06-24 20:44:25.649: D/dalvikvm(2515): GC_CONCURRENT freed 1489K, 49% free 4286K/8391K, external 2667K/2763K, paused 14ms+4ms
06-24 20:44:27.089: D/dalvikvm(2515): GC_CONCURRENT freed 1377K, 48% free 4383K/8391K, external 2667K/2763K, paused 13ms+5ms
06-24 20:44:28.532: D/dalvikvm(2515): GC_CONCURRENT freed 1583K, 50% free 4246K/8455K, external 2667K/2763K, paused 20ms+13ms
06-24 20:44:30.690: D/dalvikvm(2515): GC_CONCURRENT freed 1379K, 49% free 4326K/8455K, external 2667K/2763K, paused 21ms+10ms
06-24 20:44:32.070: D/dalvikvm(2515): GC_CONCURRENT freed 1355K, 48% free 4463K/8455K, external 2667K/2763K, paused 12ms+10ms
06-24 20:44:34.290: D/dalvikvm(2515): GC_CONCURRENT freed 1468K, 48% free 4478K/8583K, external 2667K/2763K, paused 10ms+4ms
06-24 20:44:35.470: D/dalvikvm(2515): GC_CONCURRENT freed 1613K, 49% free 4456K/8647K, external 2667K/2763K, paused 11ms+10ms
06-24 20:44:36.862: D/dalvikvm(2515): GC_CONCURRENT freed 1513K, 50% free 4408K/8647K, external 2667K/2763K, paused 11ms+5ms
06-24 20:44:38.660: W/dalvikvm(2515): threadid=9: thread exiting with uncaught exception (group=0x40015560)
06-24 20:44:38.681: E/AndroidRuntime(2515): FATAL EXCEPTION: AsyncTask #1
06-24 20:44:38.681: E/AndroidRuntime(2515): java.lang.RuntimeException: An error occured while executing doInBackground()
06-24 20:44:38.681: E/AndroidRuntime(2515): 	at android.os.AsyncTask$3.done(AsyncTask.java:200)
06-24 20:44:38.681: E/AndroidRuntime(2515): 	at java.util.concurrent.FutureTask$Sync.innerSetException(FutureTask.java:274)
06-24 20:44:38.681: E/AndroidRuntime(2515): 	at java.util.concurrent.FutureTask.setException(FutureTask.java:125)
06-24 20:44:38.681: E/AndroidRuntime(2515): 	at java.util.concurrent.FutureTask$Sync.innerRun(FutureTask.java:308)
06-24 20:44:38.681: E/AndroidRuntime(2515): 	at java.util.concurrent.FutureTask.run(FutureTask.java:138)
06-24 20:44:38.681: E/AndroidRuntime(2515): 	at java.util.concurrent.ThreadPoolExecutor.runWorker(ThreadPoolExecutor.java:1088)
06-24 20:44:38.681: E/AndroidRuntime(2515): 	at java.util.concurrent.ThreadPoolExecutor$Worker.run(ThreadPoolExecutor.java:581)
06-24 20:44:38.681: E/AndroidRuntime(2515): 	at java.lang.Thread.run(Thread.java:1019)
06-24 20:44:38.681: E/AndroidRuntime(2515): Caused by: android.view.ViewRoot$CalledFromWrongThreadException: Only the original thread that created a view hierarchy can touch its views.
06-24 20:44:38.681: E/AndroidRuntime(2515): 	at android.view.ViewRoot.checkThread(ViewRoot.java:2932)
06-24 20:44:38.681: E/AndroidRuntime(2515): 	at android.view.ViewRoot.focusableViewAvailable(ViewRoot.java:1712)
06-24 20:44:38.681: E/AndroidRuntime(2515): 	at android.view.ViewGroup.focusableViewAvailable(ViewGroup.java:452)
06-24 20:44:38.681: E/AndroidRuntime(2515): 	at android.view.ViewGroup.focusableViewAvailable(ViewGroup.java:452)
06-24 20:44:38.681: E/AndroidRuntime(2515): 	at android.view.ViewGroup.focusableViewAvailable(ViewGroup.java:452)
06-24 20:44:38.681: E/AndroidRuntime(2515): 	at android.view.ViewGroup.focusableViewAvailable(ViewGroup.java:452)
06-24 20:44:38.681: E/AndroidRuntime(2515): 	at android.view.ViewGroup.focusableViewAvailable(ViewGroup.java:452)
06-24 20:44:38.681: E/AndroidRuntime(2515): 	at android.view.ViewGroup.focusableViewAvailable(ViewGroup.java:452)
06-24 20:44:38.681: E/AndroidRuntime(2515): 	at android.view.View.setFlags(View.java:4614)
06-24 20:44:38.681: E/AndroidRuntime(2515): 	at android.view.View.setFocusableInTouchMode(View.java:3190)
06-24 20:44:38.681: E/AndroidRuntime(2515): 	at android.widget.AdapterView.checkFocus(AdapterView.java:694)
06-24 20:44:38.681: E/AndroidRuntime(2515): 	at android.widget.ListView.setAdapter(ListView.java:455)
06-24 20:44:38.681: E/AndroidRuntime(2515): 	at in.co.praveenkumar.fileListing.listFilesInListView(fileListing.java:476)
06-24 20:44:38.681: E/AndroidRuntime(2515): 	at in.co.praveenkumar.fileListing.extractFileDetailsForForumsTwo(fileListing.java:379)
06-24 20:44:38.681: E/AndroidRuntime(2515): 	at in.co.praveenkumar.fileListing.inputStreamToStringForumsTwo(fileListing.java:338)
06-24 20:44:38.681: E/AndroidRuntime(2515): 	at in.co.praveenkumar.fileListing.getPageContentForumsTwo(fileListing.java:310)
06-24 20:44:38.681: E/AndroidRuntime(2515): 	at in.co.praveenkumar.fileListing.extractFileDetailsForForumsOne(fileListing.java:279)
06-24 20:44:38.681: E/AndroidRuntime(2515): 	at in.co.praveenkumar.fileListing.inputStreamToStringForumsOne(fileListing.java:257)
06-24 20:44:38.681: E/AndroidRuntime(2515): 	at in.co.praveenkumar.fileListing.getPageContentForumsOne(fileListing.java:229)
06-24 20:44:38.681: E/AndroidRuntime(2515): 	at in.co.praveenkumar.fileListing$getPageContentForums.doInBackground(fileListing.java:187)
06-24 20:44:38.681: E/AndroidRuntime(2515): 	at in.co.praveenkumar.fileListing$getPageContentForums.doInBackground(fileListing.java:1)
06-24 20:44:38.681: E/AndroidRuntime(2515): 	at android.os.AsyncTask$2.call(AsyncTask.java:185)
06-24 20:44:38.681: E/AndroidRuntime(2515): 	at java.util.concurrent.FutureTask$Sync.innerRun(FutureTask.java:306)
06-24 20:44:38.681: E/AndroidRuntime(2515): 	... 4 more
